[2026-08-26T15:23:50.988Z][INFO] Command-line: /mnt/ForEverything/Unity/6000.5.9f1/Editor/Data/Resources/PackageManager/Server/UnityPackageManager server -s 7671 --ipc-path /tmp/Unity-Upm-7671.sock -l 2 --log-file '/mnt/ForEverything/Unity/Tarea 1 RV/Logs/upm.log'
[2026-08-26T15:23:51.043Z][INFO] IPC server started (IPC path=/tmp/Unity-Upm-7671.sock).
[2026-08-26T15:23:51.043Z][INFO] Hint: To connect to this UPM instance, launch Unity with the command-line parameter -upmIpcPath Upm-7671.
[2026-08-26T15:24:04.872Z][INFO] project:list-packages <-- Request received
params: {}
[2026-08-26T15:24:04.882Z][INFO] project:list-packages <-- Request received
params: {}
[2026-08-26T15:24:05.432Z][INFO] project:list-packages --> 200 (560 ms)
[2026-08-26T15:24:07.591Z][INFO] project:list-packages --> 200 (2710 ms)
[2026-08-26T15:24:08.058Z][INFO] project:list-packages <-- Request received
params: {}
[2026-08-26T15:24:08.069Z][INFO] config:project:get-registries <-- Request received
params: {}
[2026-08-26T15:24:08.088Z][INFO] config:project:get-registries --> 200 (19 ms)
[2026-08-26T15:24:08.237Z][INFO] project:list-packages --> 200 (179 ms)
[2026-08-26T15:24:09.262Z][INFO] project:update-dependencies <-- Request received
params: {}
[2026-08-26T15:24:09.341Z][INFO] project:update-dependencies --> 200 (79 ms)
[2026-08-26T15:24:09.374Z][INFO] project:resolve-packages <-- Request received
params: {}
[2026-08-26T15:24:54.695Z][WARN] Requested version [2.1.2] for package [com.unity.xr.legacyinputhelpers] overridden by minimum version [3.0.1].
[2026-08-26T15:24:54.695Z][WARN] Requested version [1.0.0] for package [com.unity.editorcoroutines] overridden by minimum version [1.1.0].
[2026-08-26T15:24:54.695Z][WARN] Requested version [1.0.3] for package [com.unity.settings-manager] overridden by minimum version [2.1.1].
[2026-08-26T15:24:54.695Z][WARN] Requested version [4.9.3] for package [com.unity.searcher] overridden by minimum version [4.9.5].
[2026-08-26T15:24:54.695Z][WARN] Requested version [1.8.14] for package [com.unity.burst] overridden by minimum version [1.8.30].
[2026-08-26T15:24:54.695Z][WARN] Requested version [3.2.0] for package [com.unity.test-framework.performance] overridden by minimum version [3.5.0].
[2026-08-26T15:24:54.697Z][INFO] project:resolve-packages --> 200 (45324 ms)
[2026-08-26T15:25:54.048Z][INFO] project:list-packages <-- Request received
params: {}
[2026-08-26T15:25:54.058Z][INFO] project:list-packages <-- Request received
params: {}
[2026-08-26T15:25:54.850Z][INFO] project:list-packages --> 200 (791 ms)
[2026-08-26T15:25:54.851Z][INFO] project:list-packages --> 200 (803 ms)
[2026-08-26T15:25:55.899Z][INFO] config:project:get-registries <-- Request received
params: {}
[2026-08-26T15:25:55.902Z][INFO] config:project:get-registries --> 200 (3 ms)
[2026-08-26T15:25:55.980Z][INFO] packages:get-all-packageinfo <-- Request received
params: {}
[2026-08-26T15:25:56.015Z][INFO] project:list-packages <-- Request received
params: {}
[2026-08-26T15:25:56.522Z][INFO] packages:get-all-packageinfo --> 200 (542 ms)
[2026-08-26T15:25:56.672Z][INFO] project:list-packages --> 200 (657 ms)
[2026-08-26T15:27:20.579Z][INFO] project:list-packages <-- Request received
params: {}
[2026-08-26T15:27:21.204Z][INFO] project:list-packages --> 200 (625 ms)
[2026-08-26T15:27:21.829Z][INFO] project:list-packages <-- Request received
params: {}
[2026-08-26T15:27:22.053Z][INFO] project:list-packages --> 200 (224 ms)
[2026-08-26T15:27:23.514Z][INFO] project:list-packages <-- Request received
params: {}
[2026-08-26T15:27:23.888Z][INFO] project:list-packages --> 200 (374 ms)
[2026-08-26T15:27:32.639Z][INFO] project:list-packages <-- Request received
params: {}
[2026-08-26T15:27:32.661Z][INFO] project:list-packages <-- Request received
params: {}
[2026-08-26T15:27:33.185Z][INFO] project:list-packages --> 200 (546 ms)
[2026-08-26T15:27:33.208Z][INFO] project:list-packages --> 200 (547 ms)
[2026-08-26T15:27:33.502Z][INFO] config:project:get-registries <-- Request received
params: {}
[2026-08-26T15:27:33.504Z][INFO] config:project:get-registries --> 200 (2 ms)
[2026-08-26T15:27:34.291Z][INFO] packages:get-all-packageinfo <-- Request received
params: {}
[2026-08-26T15:27:34.787Z][INFO] packages:get-all-packageinfo --> 200 (495 ms)
[2026-08-26T15:27:37.723Z][INFO] packages:get-all-packageinfo <-- Request received
params: {}
[2026-08-26T15:27:38.103Z][INFO] packages:get-all-packageinfo <-- Request received
params: {}
[2026-08-26T15:27:38.638Z][INFO] packages:get-all-packageinfo --> 200 (535 ms)
[2026-08-26T15:27:39.712Z][INFO] project:list-packages <-- Request received
params: {}
[2026-08-26T15:27:40.279Z][INFO] project:list-packages --> 200 (567 ms)
[2026-08-26T15:27:40.338Z][INFO] packages:get-all-packageinfo --> 200 (2615 ms)
[2026-08-26T15:27:41.123Z][INFO] packages:get-packageinfo <-- Request received
params: {
  "packageId": "com.unity.addressables@2.9.1"
}
[2026-08-26T15:27:41.133Z][INFO] packages:get-packageinfo <-- Request received
params: {
  "packageId": "com.unity.ads.ios-support@1.0.1"
}
[2026-08-26T15:27:41.143Z][INFO] packages:get-packageinfo <-- Request received
params: {
  "packageId": "com.unity.learn.iet-framework.authoring@1.5.4"
}
[2026-08-26T15:27:41.157Z][INFO] packages:get-packageinfo <-- Request received
params: {
  "packageId": "com.unity.project-auditor-rules@1.0.3"
}
[2026-08-26T15:27:41.163Z][INFO] packages:get-packageinfo <-- Request received
params: {
  "packageId": "com.unity.scriptablebuildpipeline@2.6.1"
}
[2026-08-26T15:27:41.174Z][INFO] packages:get-packageinfo <-- Request received
params: {
  "packageId": "com.unity.services.friends@1.1.1"
}
[2026-08-26T15:27:41.183Z][INFO] packages:get-packageinfo --> 200 (60 ms)
[2026-08-26T15:27:41.184Z][INFO] packages:get-packageinfo <-- Request received
params: {
  "packageId": "com.unity.services.moderation@1.0.2"
}
[2026-08-26T15:27:41.194Z][INFO] packages:get-packageinfo <-- Request received
params: {
  "packageId": "com.unity.xr.arcore@6.5.0"
}
[2026-08-26T15:27:41.202Z][INFO] packages:get-packageinfo --> 200 (69 ms)
[2026-08-26T15:27:41.205Z][INFO] packages:get-packageinfo <-- Request received
params: {
  "packageId": "com.unity.xr.arkit@6.5.0"
}
[2026-08-26T15:27:41.214Z][INFO] packages:get-packageinfo --> 200 (57 ms)
[2026-08-26T15:27:41.215Z][INFO] packages:get-packageinfo --> 200 (72 ms)
[2026-08-26T15:27:41.219Z][INFO] packages:get-packageinfo --> 200 (45 ms)
[2026-08-26T15:27:41.224Z][INFO] packages:get-packageinfo --> 200 (61 ms)
[2026-08-26T15:27:41.226Z][INFO] packages:get-packageinfo --> 200 (42 ms)
[2026-08-26T15:27:41.239Z][INFO] packages:get-packageinfo --> 200 (45 ms)
[2026-08-26T15:27:41.246Z][INFO] packages:get-packageinfo --> 200 (41 ms)
[2026-08-26T15:27:41.696Z][INFO] project:list-packages <-- Request received
params: {}
[2026-08-26T15:27:41.706Z][INFO] project:list-packages <-- Request received
params: {}
[2026-08-26T15:27:42.363Z][INFO] project:list-packages --> 200 (657 ms)
[2026-08-26T15:27:43.177Z][INFO] project:list-packages --> 200 (1481 ms)
[2026-08-26T15:28:03.162Z][INFO] Received shutdown request (SIGINT), shutting down Unity Package Manager
